[2019-12-05T16:24:31.179-0300][gc,heap] Heap region size: 1M
[2019-12-05T16:24:31.196-0300][gc     ] Using G1
[2019-12-05T16:24:31.196-0300][gc,heap,coops] Heap address: 0x00000000c0000000, size: 1024 MB, Compressed Oops mode: 32-bit
[2019-12-05T16:24:31.197-0300][gc,cds       ] Mark closed archive regions in map: [0x00000000fff00000, 0x00000000fff69ff8]
[2019-12-05T16:24:31.197-0300][gc,cds       ] Mark open archive regions in map: [0x00000000ffe00000, 0x00000000ffe33ff8]
[2019-12-05T16:24:46.747-0300][gc,heap,exit ] Heap
[2019-12-05T16:24:46.747-0300][gc,heap,exit ]  garbage-first heap   total 1048576K, used 42616K [0x00000000c0000000, 0x0000000100000000)
[2019-12-05T16:24:46.747-0300][gc,heap,exit ]   region size 1024K, 42 young (43008K), 0 survivors (0K)
[2019-12-05T16:24:46.747-0300][gc,heap,exit ]  Metaspace       used 14036K, capacity 14539K, committed 14720K, reserved 1062912K
[2019-12-05T16:24:46.747-0300][gc,heap,exit ]   class space    used 1950K, capacity 2147K, committed 2176K, reserved 1048576K
