[2019-12-05T19:36:18.990-0300][gc,heap] Heap region size: 1M
[2019-12-05T19:36:19.010-0300][gc     ] Using G1
[2019-12-05T19:36:19.010-0300][gc,heap,coops] Heap address: 0x00000000c0000000, size: 1024 MB, Compressed Oops mode: 32-bit
[2019-12-05T19:36:19.010-0300][gc,cds       ] Mark closed archive regions in map: [0x00000000fff00000, 0x00000000fff69ff8]
[2019-12-05T19:36:19.010-0300][gc,cds       ] Mark open archive regions in map: [0x00000000ffe00000, 0x00000000ffe33ff8]
[2019-12-05T19:36:25.631-0300][gc,start     ] GC(0) Pause Young (Normal) (G1 Evacuation Pause)
[2019-12-05T19:36:25.634-0300][gc,task      ] GC(0) Using 4 workers of 4 for evacuation
[2019-12-05T19:36:25.675-0300][gc,mmu       ] GC(0) MMU target violated: 21,0ms (20,0ms/21,0ms)
[2019-12-05T19:36:25.676-0300][gc,phases    ] GC(0)   Pre Evacuate Collection Set: 0,0ms
[2019-12-05T19:36:25.676-0300][gc,phases    ] GC(0)   Evacuate Collection Set: 41,1ms
[2019-12-05T19:36:25.676-0300][gc,phases    ] GC(0)   Post Evacuate Collection Set: 0,6ms
[2019-12-05T19:36:25.676-0300][gc,phases    ] GC(0)   Other: 2,8ms
[2019-12-05T19:36:25.676-0300][gc,heap      ] GC(0) Eden regions: 51->0(44)
[2019-12-05T19:36:25.676-0300][gc,heap      ] GC(0) Survivor regions: 0->7(7)
[2019-12-05T19:36:25.676-0300][gc,heap      ] GC(0) Old regions: 2->2
[2019-12-05T19:36:25.676-0300][gc,heap      ] GC(0) Humongous regions: 0->0
[2019-12-05T19:36:25.676-0300][gc,metaspace ] GC(0) Metaspace: 16921K->16921K(1064960K)
[2019-12-05T19:36:25.676-0300][gc           ] GC(0) Pause Young (Normal) (G1 Evacuation Pause) 51M->6M(1024M) 44,528ms
[2019-12-05T19:36:25.676-0300][gc,cpu       ] GC(0) User=0,07s Sys=0,00s Real=0,04s
[2019-12-05T19:36:26.657-0300][gc,start     ] GC(1) Pause Young (Concurrent Start) (Metadata GC Threshold)
[2019-12-05T19:36:26.657-0300][gc,task      ] GC(1) Using 4 workers of 4 for evacuation
[2019-12-05T19:36:26.677-0300][gc,phases    ] GC(1)   Pre Evacuate Collection Set: 0,1ms
[2019-12-05T19:36:26.677-0300][gc,phases    ] GC(1)   Evacuate Collection Set: 18,9ms
[2019-12-05T19:36:26.677-0300][gc,phases    ] GC(1)   Post Evacuate Collection Set: 0,4ms
[2019-12-05T19:36:26.677-0300][gc,phases    ] GC(1)   Other: 0,3ms
[2019-12-05T19:36:26.677-0300][gc,heap      ] GC(1) Eden regions: 14->0(50)
[2019-12-05T19:36:26.677-0300][gc,heap      ] GC(1) Survivor regions: 7->1(7)
[2019-12-05T19:36:26.677-0300][gc,heap      ] GC(1) Old regions: 2->9
[2019-12-05T19:36:26.677-0300][gc,heap      ] GC(1) Humongous regions: 0->0
[2019-12-05T19:36:26.677-0300][gc,metaspace ] GC(1) Metaspace: 20594K->20594K(1067008K)
[2019-12-05T19:36:26.677-0300][gc           ] GC(1) Pause Young (Concurrent Start) (Metadata GC Threshold) 20M->7M(1024M) 19,847ms
[2019-12-05T19:36:26.677-0300][gc,cpu       ] GC(1) User=0,05s Sys=0,00s Real=0,02s
[2019-12-05T19:36:26.677-0300][gc           ] GC(2) Concurrent Cycle
[2019-12-05T19:36:26.677-0300][gc,marking   ] GC(2) Concurrent Clear Claimed Marks
[2019-12-05T19:36:26.677-0300][gc,marking   ] GC(2) Concurrent Clear Claimed Marks 0,061ms
[2019-12-05T19:36:26.677-0300][gc,marking   ] GC(2) Concurrent Scan Root Regions
[2019-12-05T19:36:26.683-0300][gc,marking   ] GC(2) Concurrent Scan Root Regions 5,957ms
[2019-12-05T19:36:26.683-0300][gc,marking   ] GC(2) Concurrent Mark (7,698s)
[2019-12-05T19:36:26.683-0300][gc,marking   ] GC(2) Concurrent Mark From Roots
[2019-12-05T19:36:26.683-0300][gc,task      ] GC(2) Using 1 workers of 1 for marking
[2019-12-05T19:36:26.703-0300][gc,marking   ] GC(2) Concurrent Mark From Roots 19,989ms
[2019-12-05T19:36:26.703-0300][gc,marking   ] GC(2) Concurrent Preclean
[2019-12-05T19:36:26.703-0300][gc,marking   ] GC(2) Concurrent Preclean 0,202ms
[2019-12-05T19:36:26.703-0300][gc,marking   ] GC(2) Concurrent Mark (7,698s, 7,718s) 20,311ms
[2019-12-05T19:36:26.704-0300][gc,start     ] GC(2) Pause Remark
[2019-12-05T19:36:26.708-0300][gc,stringtable] GC(2) Cleaned string and symbol table, strings: 4880 processed, 0 removed, symbols: 49940 processed, 51 removed
[2019-12-05T19:36:26.708-0300][gc            ] GC(2) Pause Remark 8M->8M(1024M) 4,256ms
[2019-12-05T19:36:26.708-0300][gc,cpu        ] GC(2) User=0,01s Sys=0,00s Real=0,00s
[2019-12-05T19:36:26.708-0300][gc,marking    ] GC(2) Concurrent Rebuild Remembered Sets
[2019-12-05T19:36:26.717-0300][gc,marking    ] GC(2) Concurrent Rebuild Remembered Sets 8,990ms
[2019-12-05T19:36:26.717-0300][gc,start      ] GC(2) Pause Cleanup
[2019-12-05T19:36:26.718-0300][gc            ] GC(2) Pause Cleanup 8M->8M(1024M) 0,470ms
[2019-12-05T19:36:26.718-0300][gc,cpu        ] GC(2) User=0,00s Sys=0,00s Real=0,00s
[2019-12-05T19:36:26.718-0300][gc,marking    ] GC(2) Concurrent Cleanup for Next Mark
[2019-12-05T19:36:26.730-0300][gc,marking    ] GC(2) Concurrent Cleanup for Next Mark 11,736ms
[2019-12-05T19:36:26.730-0300][gc            ] GC(2) Concurrent Cycle 52,883ms
[2019-12-05T19:36:29.570-0300][gc,start      ] GC(3) Pause Young (Normal) (G1 Evacuation Pause)
[2019-12-05T19:36:29.570-0300][gc,task       ] GC(3) Using 4 workers of 4 for evacuation
[2019-12-05T19:36:29.586-0300][gc,phases     ] GC(3)   Pre Evacuate Collection Set: 0,0ms
[2019-12-05T19:36:29.586-0300][gc,phases     ] GC(3)   Evacuate Collection Set: 15,0ms
[2019-12-05T19:36:29.586-0300][gc,phases     ] GC(3)   Post Evacuate Collection Set: 0,9ms
[2019-12-05T19:36:29.586-0300][gc,phases     ] GC(3)   Other: 0,2ms
[2019-12-05T19:36:29.586-0300][gc,heap       ] GC(3) Eden regions: 50->0(46)
[2019-12-05T19:36:29.586-0300][gc,heap       ] GC(3) Survivor regions: 1->5(7)
[2019-12-05T19:36:29.586-0300][gc,heap       ] GC(3) Old regions: 9->9
[2019-12-05T19:36:29.586-0300][gc,heap       ] GC(3) Humongous regions: 129->129
[2019-12-05T19:36:29.586-0300][gc,metaspace  ] GC(3) Metaspace: 29357K->29357K(1075200K)
[2019-12-05T19:36:29.586-0300][gc            ] GC(3) Pause Young (Normal) (G1 Evacuation Pause) 186M->140M(1024M) 16,140ms
[2019-12-05T19:36:29.586-0300][gc,cpu        ] GC(3) User=0,05s Sys=0,00s Real=0,01s
[2019-12-05T19:44:12.698-0300][gc,start      ] GC(4) Pause Young (Normal) (G1 Evacuation Pause)
[2019-12-05T19:44:12.698-0300][gc,task       ] GC(4) Using 4 workers of 4 for evacuation
[2019-12-05T19:44:12.714-0300][gc,phases     ] GC(4)   Pre Evacuate Collection Set: 0,1ms
[2019-12-05T19:44:12.714-0300][gc,phases     ] GC(4)   Evacuate Collection Set: 13,1ms
[2019-12-05T19:44:12.714-0300][gc,phases     ] GC(4)   Post Evacuate Collection Set: 2,2ms
[2019-12-05T19:44:12.714-0300][gc,phases     ] GC(4)   Other: 0,4ms
[2019-12-05T19:44:12.714-0300][gc,heap       ] GC(4) Eden regions: 46->0(49)
[2019-12-05T19:44:12.714-0300][gc,heap       ] GC(4) Survivor regions: 5->2(7)
[2019-12-05T19:44:12.714-0300][gc,heap       ] GC(4) Old regions: 9->13
[2019-12-05T19:44:12.714-0300][gc,heap       ] GC(4) Humongous regions: 129->129
[2019-12-05T19:44:12.714-0300][gc,metaspace  ] GC(4) Metaspace: 32250K->32250K(1077248K)
[2019-12-05T19:44:12.714-0300][gc            ] GC(4) Pause Young (Normal) (G1 Evacuation Pause) 186M->141M(1024M) 15,991ms
[2019-12-05T19:44:12.714-0300][gc,cpu        ] GC(4) User=0,04s Sys=0,00s Real=0,02s
[2019-12-05T20:06:57.611-0300][gc,start      ] GC(5) Pause Young (Normal) (G1 Evacuation Pause)
[2019-12-05T20:06:57.667-0300][gc,task       ] GC(5) Using 4 workers of 4 for evacuation
[2019-12-05T20:06:57.807-0300][gc,mmu        ] GC(5) MMU target violated: 21,0ms (20,0ms/21,0ms)
[2019-12-05T20:06:57.807-0300][gc,phases     ] GC(5)   Pre Evacuate Collection Set: 2,7ms
[2019-12-05T20:06:57.807-0300][gc,phases     ] GC(5)   Evacuate Collection Set: 69,2ms
[2019-12-05T20:06:57.807-0300][gc,phases     ] GC(5)   Post Evacuate Collection Set: 24,5ms
[2019-12-05T20:06:57.819-0300][gc,phases     ] GC(5)   Other: 144,5ms
[2019-12-05T20:06:57.837-0300][gc,heap       ] GC(5) Eden regions: 49->0(50)
[2019-12-05T20:06:57.837-0300][gc,heap       ] GC(5) Survivor regions: 2->1(7)
[2019-12-05T20:06:57.837-0300][gc,heap       ] GC(5) Old regions: 13->13
[2019-12-05T20:06:57.837-0300][gc,heap       ] GC(5) Humongous regions: 129->129
[2019-12-05T20:06:57.837-0300][gc,metaspace  ] GC(5) Metaspace: 32577K->32577K(1079296K)
[2019-12-05T20:06:57.838-0300][gc            ] GC(5) Pause Young (Normal) (G1 Evacuation Pause) 190M->141M(1024M) 233,099ms
[2019-12-05T20:06:57.838-0300][gc,cpu        ] GC(5) User=0,01s Sys=0,01s Real=0,23s
[2019-12-05T20:07:33.526-0300][gc,heap,exit  ] Heap
[2019-12-05T20:07:33.526-0300][gc,heap,exit  ]  garbage-first heap   total 1048576K, used 157944K [0x00000000c0000000, 0x0000000100000000)
[2019-12-05T20:07:33.526-0300][gc,heap,exit  ]   region size 1024K, 15 young (15360K), 1 survivors (1024K)
[2019-12-05T20:07:33.526-0300][gc,heap,exit  ]  Metaspace       used 33407K, capacity 35347K, committed 35376K, reserved 1079296K
[2019-12-05T20:07:33.526-0300][gc,heap,exit  ]   class space    used 4780K, capacity 5740K, committed 5760K, reserved 1048576K
