[2019-12-05T16:26:52.948-0300][gc,heap] Heap region size: 1M
[2019-12-05T16:26:52.959-0300][gc     ] Using G1
[2019-12-05T16:26:52.959-0300][gc,heap,coops] Heap address: 0x00000000c0000000, size: 1024 MB, Compressed Oops mode: 32-bit
[2019-12-05T16:26:52.959-0300][gc,cds       ] Mark closed archive regions in map: [0x00000000fff00000, 0x00000000fff69ff8]
[2019-12-05T16:26:52.959-0300][gc,cds       ] Mark open archive regions in map: [0x00000000ffe00000, 0x00000000ffe33ff8]
[2019-12-05T16:26:57.730-0300][gc,start     ] GC(0) Pause Young (Normal) (G1 Evacuation Pause)
[2019-12-05T16:26:57.730-0300][gc,task      ] GC(0) Using 4 workers of 4 for evacuation
[2019-12-05T16:26:57.772-0300][gc,mmu       ] GC(0) MMU target violated: 21,0ms (20,0ms/21,0ms)
[2019-12-05T16:26:57.794-0300][gc,phases    ] GC(0)   Pre Evacuate Collection Set: 0,0ms
[2019-12-05T16:26:57.794-0300][gc,phases    ] GC(0)   Evacuate Collection Set: 20,1ms
[2019-12-05T16:26:57.794-0300][gc,phases    ] GC(0)   Post Evacuate Collection Set: 21,6ms
[2019-12-05T16:26:57.795-0300][gc,phases    ] GC(0)   Other: 17,3ms
[2019-12-05T16:26:57.795-0300][gc,heap      ] GC(0) Eden regions: 51->0(45)
[2019-12-05T16:26:57.795-0300][gc,heap      ] GC(0) Survivor regions: 0->6(7)
[2019-12-05T16:26:57.795-0300][gc,heap      ] GC(0) Old regions: 2->2
[2019-12-05T16:26:57.795-0300][gc,heap      ] GC(0) Humongous regions: 0->0
[2019-12-05T16:26:57.795-0300][gc,metaspace ] GC(0) Metaspace: 16916K->16916K(1064960K)
[2019-12-05T16:26:57.795-0300][gc           ] GC(0) Pause Young (Normal) (G1 Evacuation Pause) 51M->6M(1024M) 64,937ms
[2019-12-05T16:26:57.795-0300][gc,cpu       ] GC(0) User=0,05s Sys=0,00s Real=0,07s
[2019-12-05T16:27:00.748-0300][gc,start     ] GC(1) Pause Young (Concurrent Start) (Metadata GC Threshold)
[2019-12-05T16:27:00.748-0300][gc,task      ] GC(1) Using 4 workers of 4 for evacuation
[2019-12-05T16:27:00.766-0300][gc,phases    ] GC(1)   Pre Evacuate Collection Set: 0,1ms
[2019-12-05T16:27:00.766-0300][gc,phases    ] GC(1)   Evacuate Collection Set: 17,2ms
[2019-12-05T16:27:00.766-0300][gc,phases    ] GC(1)   Post Evacuate Collection Set: 0,5ms
[2019-12-05T16:27:00.766-0300][gc,phases    ] GC(1)   Other: 0,4ms
[2019-12-05T16:27:00.766-0300][gc,heap      ] GC(1) Eden regions: 16->0(49)
[2019-12-05T16:27:00.766-0300][gc,heap      ] GC(1) Survivor regions: 6->2(7)
[2019-12-05T16:27:00.766-0300][gc,heap      ] GC(1) Old regions: 2->8
[2019-12-05T16:27:00.766-0300][gc,heap      ] GC(1) Humongous regions: 129->129
[2019-12-05T16:27:00.767-0300][gc,metaspace ] GC(1) Metaspace: 20376K->20376K(1067008K)
[2019-12-05T16:27:00.767-0300][gc           ] GC(1) Pause Young (Concurrent Start) (Metadata GC Threshold) 151M->137M(1024M) 18,180ms
[2019-12-05T16:27:00.767-0300][gc,cpu       ] GC(1) User=0,04s Sys=0,01s Real=0,02s
[2019-12-05T16:27:00.767-0300][gc           ] GC(2) Concurrent Cycle
[2019-12-05T16:27:00.767-0300][gc,marking   ] GC(2) Concurrent Clear Claimed Marks
[2019-12-05T16:27:00.767-0300][gc,marking   ] GC(2) Concurrent Clear Claimed Marks 0,048ms
[2019-12-05T16:27:00.767-0300][gc,marking   ] GC(2) Concurrent Scan Root Regions
[2019-12-05T16:27:00.777-0300][gc,marking   ] GC(2) Concurrent Scan Root Regions 10,799ms
[2019-12-05T16:27:00.777-0300][gc,marking   ] GC(2) Concurrent Mark (7,833s)
[2019-12-05T16:27:00.778-0300][gc,marking   ] GC(2) Concurrent Mark From Roots
[2019-12-05T16:27:00.778-0300][gc,task      ] GC(2) Using 1 workers of 1 for marking
[2019-12-05T16:27:00.798-0300][gc,marking   ] GC(2) Concurrent Mark From Roots 20,485ms
[2019-12-05T16:27:00.798-0300][gc,marking   ] GC(2) Concurrent Preclean
[2019-12-05T16:27:00.798-0300][gc,marking   ] GC(2) Concurrent Preclean 0,111ms
[2019-12-05T16:27:00.798-0300][gc,marking   ] GC(2) Concurrent Mark (7,833s, 7,854s) 20,654ms
[2019-12-05T16:27:00.798-0300][gc,start     ] GC(2) Pause Remark
[2019-12-05T16:27:00.802-0300][gc,stringtable] GC(2) Cleaned string and symbol table, strings: 4911 processed, 0 removed, symbols: 48804 processed, 49 removed
[2019-12-05T16:27:00.802-0300][gc            ] GC(2) Pause Remark 137M->137M(1024M) 3,630ms
[2019-12-05T16:27:00.802-0300][gc,cpu        ] GC(2) User=0,01s Sys=0,00s Real=0,01s
[2019-12-05T16:27:00.802-0300][gc,marking    ] GC(2) Concurrent Rebuild Remembered Sets
[2019-12-05T16:27:00.808-0300][gc,marking    ] GC(2) Concurrent Rebuild Remembered Sets 5,739ms
[2019-12-05T16:27:00.808-0300][gc,start      ] GC(2) Pause Cleanup
[2019-12-05T16:27:00.808-0300][gc            ] GC(2) Pause Cleanup 137M->137M(1024M) 0,245ms
[2019-12-05T16:27:00.808-0300][gc,cpu        ] GC(2) User=0,00s Sys=0,00s Real=0,00s
[2019-12-05T16:27:00.808-0300][gc,marking    ] GC(2) Concurrent Cleanup for Next Mark
[2019-12-05T16:27:00.817-0300][gc,marking    ] GC(2) Concurrent Cleanup for Next Mark 9,324ms
[2019-12-05T16:27:00.817-0300][gc            ] GC(2) Concurrent Cycle 50,925ms
[2019-12-05T16:35:37.193-0300][gc,start      ] GC(3) Pause Young (Normal) (G1 Evacuation Pause)
[2019-12-05T16:35:37.387-0300][gc,task       ] GC(3) Using 4 workers of 4 for evacuation
[2019-12-05T16:35:37.397-0300][gc,phases     ] GC(3)   Pre Evacuate Collection Set: 0,0ms
[2019-12-05T16:35:37.397-0300][gc,phases     ] GC(3)   Evacuate Collection Set: 8,0ms
[2019-12-05T16:35:37.397-0300][gc,phases     ] GC(3)   Post Evacuate Collection Set: 0,5ms
[2019-12-05T16:35:37.397-0300][gc,phases     ] GC(3)   Other: 195,5ms
[2019-12-05T16:35:37.397-0300][gc,heap       ] GC(3) Eden regions: 49->0(46)
[2019-12-05T16:35:37.397-0300][gc,heap       ] GC(3) Survivor regions: 2->5(7)
[2019-12-05T16:35:37.397-0300][gc,heap       ] GC(3) Old regions: 8->8
[2019-12-05T16:35:37.397-0300][gc,heap       ] GC(3) Humongous regions: 129->129
[2019-12-05T16:35:37.397-0300][gc,metaspace  ] GC(3) Metaspace: 29440K->29440K(1075200K)
[2019-12-05T16:35:37.397-0300][gc            ] GC(3) Pause Young (Normal) (G1 Evacuation Pause) 186M->140M(1024M) 204,086ms
[2019-12-05T16:35:37.397-0300][gc,cpu        ] GC(3) User=0,03s Sys=0,00s Real=0,20s
[2019-12-05T16:40:01.113-0300][gc,start      ] GC(4) Pause Young (Normal) (G1 Evacuation Pause)
[2019-12-05T16:40:01.142-0300][gc,task       ] GC(4) Using 4 workers of 4 for evacuation
[2019-12-05T16:40:01.179-0300][gc,mmu        ] GC(4) MMU target violated: 21,0ms (20,0ms/21,0ms)
[2019-12-05T16:40:01.180-0300][gc,phases     ] GC(4)   Pre Evacuate Collection Set: 0,0ms
[2019-12-05T16:40:01.180-0300][gc,phases     ] GC(4)   Evacuate Collection Set: 35,9ms
[2019-12-05T16:40:01.180-0300][gc,phases     ] GC(4)   Post Evacuate Collection Set: 0,9ms
[2019-12-05T16:40:01.180-0300][gc,phases     ] GC(4)   Other: 29,6ms
[2019-12-05T16:40:01.180-0300][gc,heap       ] GC(4) Eden regions: 46->0(48)
[2019-12-05T16:40:01.180-0300][gc,heap       ] GC(4) Survivor regions: 5->3(7)
[2019-12-05T16:40:01.180-0300][gc,heap       ] GC(4) Old regions: 8->13
[2019-12-05T16:40:01.180-0300][gc,heap       ] GC(4) Humongous regions: 129->129
[2019-12-05T16:40:01.180-0300][gc,metaspace  ] GC(4) Metaspace: 33554K->33554K(1079296K)
[2019-12-05T16:40:01.180-0300][gc            ] GC(4) Pause Young (Normal) (G1 Evacuation Pause) 186M->142M(1024M) 66,444ms
[2019-12-05T16:40:01.180-0300][gc,cpu        ] GC(4) User=0,04s Sys=0,00s Real=0,06s
[2019-12-05T16:40:27.001-0300][gc,start      ] GC(5) Pause Young (Concurrent Start) (Metadata GC Threshold)
[2019-12-05T16:40:27.001-0300][gc,task       ] GC(5) Using 4 workers of 4 for evacuation
[2019-12-05T16:40:27.010-0300][gc,phases     ] GC(5)   Pre Evacuate Collection Set: 0,1ms
[2019-12-05T16:40:27.010-0300][gc,phases     ] GC(5)   Evacuate Collection Set: 7,6ms
[2019-12-05T16:40:27.010-0300][gc,phases     ] GC(5)   Post Evacuate Collection Set: 0,6ms
[2019-12-05T16:40:27.010-0300][gc,phases     ] GC(5)   Other: 0,3ms
[2019-12-05T16:40:27.010-0300][gc,heap       ] GC(5) Eden regions: 10->0(47)
[2019-12-05T16:40:27.010-0300][gc,heap       ] GC(5) Survivor regions: 3->4(7)
[2019-12-05T16:40:27.010-0300][gc,heap       ] GC(5) Old regions: 13->13
[2019-12-05T16:40:27.010-0300][gc,heap       ] GC(5) Humongous regions: 129->129
[2019-12-05T16:40:27.010-0300][gc,metaspace  ] GC(5) Metaspace: 33727K->33727K(1079296K)
[2019-12-05T16:40:27.010-0300][gc            ] GC(5) Pause Young (Concurrent Start) (Metadata GC Threshold) 152M->143M(1024M) 8,747ms
[2019-12-05T16:40:27.010-0300][gc,cpu        ] GC(5) User=0,03s Sys=0,00s Real=0,00s
[2019-12-05T16:40:27.010-0300][gc            ] GC(6) Concurrent Cycle
[2019-12-05T16:40:27.010-0300][gc,marking    ] GC(6) Concurrent Clear Claimed Marks
[2019-12-05T16:40:27.010-0300][gc,marking    ] GC(6) Concurrent Clear Claimed Marks 0,141ms
[2019-12-05T16:40:27.010-0300][gc,marking    ] GC(6) Concurrent Scan Root Regions
[2019-12-05T16:40:27.014-0300][gc,marking    ] GC(6) Concurrent Scan Root Regions 4,078ms
[2019-12-05T16:40:27.014-0300][gc,marking    ] GC(6) Concurrent Mark (814,070s)
[2019-12-05T16:40:27.014-0300][gc,marking    ] GC(6) Concurrent Mark From Roots
[2019-12-05T16:40:27.014-0300][gc,task       ] GC(6) Using 1 workers of 1 for marking
[2019-12-05T16:40:27.051-0300][gc,marking    ] GC(6) Concurrent Mark From Roots 36,507ms
[2019-12-05T16:40:27.051-0300][gc,marking    ] GC(6) Concurrent Preclean
[2019-12-05T16:40:27.051-0300][gc,marking    ] GC(6) Concurrent Preclean 0,091ms
[2019-12-05T16:40:27.051-0300][gc,marking    ] GC(6) Concurrent Mark (814,070s, 814,107s) 36,649ms
[2019-12-05T16:40:27.051-0300][gc,start      ] GC(6) Pause Remark
[2019-12-05T16:40:27.093-0300][gc,stringtable] GC(6) Cleaned string and symbol table, strings: 11070 processed, 21 removed, symbols: 74197 processed, 21 removed
[2019-12-05T16:40:27.094-0300][gc,mmu        ] GC(6) MMU target violated: 21,0ms (20,0ms/21,0ms)
[2019-12-05T16:40:27.094-0300][gc            ] GC(6) Pause Remark 143M->143M(1024M) 42,512ms
[2019-12-05T16:40:27.094-0300][gc,cpu        ] GC(6) User=0,04s Sys=0,00s Real=0,05s
[2019-12-05T16:40:27.094-0300][gc,marking    ] GC(6) Concurrent Rebuild Remembered Sets
[2019-12-05T16:40:27.106-0300][gc,marking    ] GC(6) Concurrent Rebuild Remembered Sets 12,422ms
[2019-12-05T16:40:27.106-0300][gc,start      ] GC(6) Pause Cleanup
[2019-12-05T16:40:27.107-0300][gc            ] GC(6) Pause Cleanup 143M->143M(1024M) 0,167ms
[2019-12-05T16:40:27.107-0300][gc,cpu        ] GC(6) User=0,00s Sys=0,00s Real=0,00s
[2019-12-05T16:40:27.107-0300][gc,marking    ] GC(6) Concurrent Cleanup for Next Mark
[2019-12-05T16:40:27.116-0300][gc,marking    ] GC(6) Concurrent Cleanup for Next Mark 8,854ms
[2019-12-05T16:40:27.116-0300][gc            ] GC(6) Concurrent Cycle 105,390ms
[2019-12-05T16:42:31.508-0300][gc,heap,exit  ] Heap
[2019-12-05T16:42:31.508-0300][gc,heap,exit  ]  garbage-first heap   total 1048576K, used 192756K [0x00000000c0000000, 0x0000000100000000)
[2019-12-05T16:42:31.508-0300][gc,heap,exit  ]   region size 1024K, 50 young (51200K), 4 survivors (4096K)
[2019-12-05T16:42:31.508-0300][gc,heap,exit  ]  Metaspace       used 34773K, capacity 36818K, committed 37040K, reserved 1081344K
[2019-12-05T16:42:31.508-0300][gc,heap,exit  ]   class space    used 4882K, capacity 5842K, committed 5888K, reserved 1048576K
