[2019-12-05T18:14:27.690-0300][gc,heap] Heap region size: 1M
[2019-12-05T18:14:27.700-0300][gc     ] Using G1
[2019-12-05T18:14:27.700-0300][gc,heap,coops] Heap address: 0x00000000c0000000, size: 1024 MB, Compressed Oops mode: 32-bit
[2019-12-05T18:14:27.700-0300][gc,cds       ] Mark closed archive regions in map: [0x00000000fff00000, 0x00000000fff69ff8]
[2019-12-05T18:14:27.700-0300][gc,cds       ] Mark open archive regions in map: [0x00000000ffe00000, 0x00000000ffe33ff8]
[2019-12-05T18:14:32.208-0300][gc,start     ] GC(0) Pause Young (Normal) (G1 Evacuation Pause)
[2019-12-05T18:14:32.208-0300][gc,task      ] GC(0) Using 4 workers of 4 for evacuation
[2019-12-05T18:14:32.223-0300][gc,phases    ] GC(0)   Pre Evacuate Collection Set: 0,0ms
[2019-12-05T18:14:32.223-0300][gc,phases    ] GC(0)   Evacuate Collection Set: 14,3ms
[2019-12-05T18:14:32.223-0300][gc,phases    ] GC(0)   Post Evacuate Collection Set: 0,6ms
[2019-12-05T18:14:32.223-0300][gc,phases    ] GC(0)   Other: 0,4ms
[2019-12-05T18:14:32.223-0300][gc,heap      ] GC(0) Eden regions: 51->0(44)
[2019-12-05T18:14:32.223-0300][gc,heap      ] GC(0) Survivor regions: 0->7(7)
[2019-12-05T18:14:32.223-0300][gc,heap      ] GC(0) Old regions: 2->2
[2019-12-05T18:14:32.223-0300][gc,heap      ] GC(0) Humongous regions: 0->0
[2019-12-05T18:14:32.223-0300][gc,metaspace ] GC(0) Metaspace: 16908K->16908K(1064960K)
[2019-12-05T18:14:32.223-0300][gc           ] GC(0) Pause Young (Normal) (G1 Evacuation Pause) 51M->6M(1024M) 15,455ms
[2019-12-05T18:14:32.223-0300][gc,cpu       ] GC(0) User=0,06s Sys=0,00s Real=0,02s
[2019-12-05T18:14:32.867-0300][gc,start     ] GC(1) Pause Young (Concurrent Start) (Metadata GC Threshold)
[2019-12-05T18:14:32.867-0300][gc,task      ] GC(1) Using 4 workers of 4 for evacuation
[2019-12-05T18:14:32.879-0300][gc,phases    ] GC(1)   Pre Evacuate Collection Set: 0,1ms
[2019-12-05T18:14:32.879-0300][gc,phases    ] GC(1)   Evacuate Collection Set: 12,0ms
[2019-12-05T18:14:32.879-0300][gc,phases    ] GC(1)   Post Evacuate Collection Set: 0,4ms
[2019-12-05T18:14:32.879-0300][gc,phases    ] GC(1)   Other: 0,2ms
[2019-12-05T18:14:32.879-0300][gc,heap      ] GC(1) Eden regions: 15->0(50)
[2019-12-05T18:14:32.879-0300][gc,heap      ] GC(1) Survivor regions: 7->1(7)
[2019-12-05T18:14:32.879-0300][gc,heap      ] GC(1) Old regions: 2->8
[2019-12-05T18:14:32.879-0300][gc,heap      ] GC(1) Humongous regions: 0->0
[2019-12-05T18:14:32.879-0300][gc,metaspace ] GC(1) Metaspace: 20508K->20508K(1067008K)
[2019-12-05T18:14:32.879-0300][gc           ] GC(1) Pause Young (Concurrent Start) (Metadata GC Threshold) 20M->7M(1024M) 12,808ms
[2019-12-05T18:14:32.879-0300][gc,cpu       ] GC(1) User=0,04s Sys=0,00s Real=0,01s
[2019-12-05T18:14:32.879-0300][gc           ] GC(2) Concurrent Cycle
[2019-12-05T18:14:32.879-0300][gc,marking   ] GC(2) Concurrent Clear Claimed Marks
[2019-12-05T18:14:32.880-0300][gc,marking   ] GC(2) Concurrent Clear Claimed Marks 0,087ms
[2019-12-05T18:14:32.880-0300][gc,marking   ] GC(2) Concurrent Scan Root Regions
[2019-12-05T18:14:32.881-0300][gc,marking   ] GC(2) Concurrent Scan Root Regions 0,994ms
[2019-12-05T18:14:32.881-0300][gc,marking   ] GC(2) Concurrent Mark (5,256s)
[2019-12-05T18:14:32.881-0300][gc,marking   ] GC(2) Concurrent Mark From Roots
[2019-12-05T18:14:32.881-0300][gc,task      ] GC(2) Using 1 workers of 1 for marking
[2019-12-05T18:14:32.891-0300][gc,marking   ] GC(2) Concurrent Mark From Roots 10,719ms
[2019-12-05T18:14:32.891-0300][gc,marking   ] GC(2) Concurrent Preclean
[2019-12-05T18:14:32.891-0300][gc,marking   ] GC(2) Concurrent Preclean 0,087ms
[2019-12-05T18:14:32.891-0300][gc,marking   ] GC(2) Concurrent Mark (5,256s, 5,267s) 10,851ms
[2019-12-05T18:14:32.892-0300][gc,start     ] GC(2) Pause Remark
[2019-12-05T18:14:32.894-0300][gc,stringtable] GC(2) Cleaned string and symbol table, strings: 4831 processed, 0 removed, symbols: 49765 processed, 53 removed
[2019-12-05T18:14:32.895-0300][gc            ] GC(2) Pause Remark 7M->7M(1024M) 3,032ms
[2019-12-05T18:14:32.895-0300][gc,cpu        ] GC(2) User=0,01s Sys=0,00s Real=0,00s
[2019-12-05T18:14:32.895-0300][gc,marking    ] GC(2) Concurrent Rebuild Remembered Sets
[2019-12-05T18:14:32.900-0300][gc,marking    ] GC(2) Concurrent Rebuild Remembered Sets 5,670ms
[2019-12-05T18:14:32.901-0300][gc,start      ] GC(2) Pause Cleanup
[2019-12-05T18:14:32.901-0300][gc            ] GC(2) Pause Cleanup 7M->7M(1024M) 0,230ms
[2019-12-05T18:14:32.901-0300][gc,cpu        ] GC(2) User=0,00s Sys=0,00s Real=0,00s
[2019-12-05T18:14:32.901-0300][gc,marking    ] GC(2) Concurrent Cleanup for Next Mark
[2019-12-05T18:14:32.908-0300][gc,marking    ] GC(2) Concurrent Cleanup for Next Mark 7,622ms
[2019-12-05T18:14:32.908-0300][gc            ] GC(2) Concurrent Cycle 29,040ms
[2019-12-05T18:14:34.921-0300][gc,start      ] GC(3) Pause Young (Normal) (G1 Evacuation Pause)
[2019-12-05T18:14:34.921-0300][gc,task       ] GC(3) Using 4 workers of 4 for evacuation
[2019-12-05T18:14:34.929-0300][gc,phases     ] GC(3)   Pre Evacuate Collection Set: 0,0ms
[2019-12-05T18:14:34.929-0300][gc,phases     ] GC(3)   Evacuate Collection Set: 7,9ms
[2019-12-05T18:14:34.929-0300][gc,phases     ] GC(3)   Post Evacuate Collection Set: 0,5ms
[2019-12-05T18:14:34.929-0300][gc,phases     ] GC(3)   Other: 0,2ms
[2019-12-05T18:14:34.929-0300][gc,heap       ] GC(3) Eden regions: 50->0(46)
[2019-12-05T18:14:34.929-0300][gc,heap       ] GC(3) Survivor regions: 1->5(7)
[2019-12-05T18:14:34.929-0300][gc,heap       ] GC(3) Old regions: 8->8
[2019-12-05T18:14:34.929-0300][gc,heap       ] GC(3) Humongous regions: 129->129
[2019-12-05T18:14:34.929-0300][gc,metaspace  ] GC(3) Metaspace: 29150K->29150K(1075200K)
[2019-12-05T18:14:34.929-0300][gc            ] GC(3) Pause Young (Normal) (G1 Evacuation Pause) 186M->140M(1024M) 8,778ms
[2019-12-05T18:14:34.929-0300][gc,cpu        ] GC(3) User=0,04s Sys=0,00s Real=0,02s
[2019-12-05T18:22:03.844-0300][gc,start      ] GC(4) Pause Young (Normal) (G1 Evacuation Pause)
[2019-12-05T18:22:03.844-0300][gc,task       ] GC(4) Using 4 workers of 4 for evacuation
[2019-12-05T18:22:03.858-0300][gc,phases     ] GC(4)   Pre Evacuate Collection Set: 0,0ms
[2019-12-05T18:22:03.858-0300][gc,phases     ] GC(4)   Evacuate Collection Set: 13,6ms
[2019-12-05T18:22:03.858-0300][gc,phases     ] GC(4)   Post Evacuate Collection Set: 0,7ms
[2019-12-05T18:22:03.858-0300][gc,phases     ] GC(4)   Other: 0,3ms
[2019-12-05T18:22:03.858-0300][gc,heap       ] GC(4) Eden regions: 46->0(49)
[2019-12-05T18:22:03.858-0300][gc,heap       ] GC(4) Survivor regions: 5->2(7)
[2019-12-05T18:22:03.858-0300][gc,heap       ] GC(4) Old regions: 8->13
[2019-12-05T18:22:03.858-0300][gc,heap       ] GC(4) Humongous regions: 129->129
[2019-12-05T18:22:03.858-0300][gc,metaspace  ] GC(4) Metaspace: 32230K->32230K(1077248K)
[2019-12-05T18:22:03.859-0300][gc            ] GC(4) Pause Young (Normal) (G1 Evacuation Pause) 186M->141M(1024M) 14,734ms
[2019-12-05T18:22:03.859-0300][gc,cpu        ] GC(4) User=0,04s Sys=0,02s Real=0,01s
[2019-12-05T18:44:41.002-0300][gc,start      ] GC(5) Pause Young (Normal) (G1 Evacuation Pause)
[2019-12-05T18:44:41.018-0300][gc,task       ] GC(5) Using 4 workers of 4 for evacuation
[2019-12-05T18:44:41.023-0300][gc,phases     ] GC(5)   Pre Evacuate Collection Set: 0,0ms
[2019-12-05T18:44:41.023-0300][gc,phases     ] GC(5)   Evacuate Collection Set: 3,6ms
[2019-12-05T18:44:41.023-0300][gc,phases     ] GC(5)   Post Evacuate Collection Set: 0,6ms
[2019-12-05T18:44:41.023-0300][gc,phases     ] GC(5)   Other: 16,4ms
[2019-12-05T18:44:41.023-0300][gc,heap       ] GC(5) Eden regions: 49->0(49)
[2019-12-05T18:44:41.023-0300][gc,heap       ] GC(5) Survivor regions: 2->2(7)
[2019-12-05T18:44:41.023-0300][gc,heap       ] GC(5) Old regions: 13->13
[2019-12-05T18:44:41.023-0300][gc,heap       ] GC(5) Humongous regions: 129->129
[2019-12-05T18:44:41.023-0300][gc,metaspace  ] GC(5) Metaspace: 32551K->32551K(1079296K)
[2019-12-05T18:44:41.023-0300][gc            ] GC(5) Pause Young (Normal) (G1 Evacuation Pause) 190M->141M(1024M) 20,772ms
[2019-12-05T18:44:41.023-0300][gc,cpu        ] GC(5) User=0,03s Sys=0,00s Real=0,02s
[2019-12-05T19:09:30.992-0300][gc,start      ] GC(6) Pause Young (Normal) (G1 Evacuation Pause)
[2019-12-05T19:09:31.146-0300][gc,task       ] GC(6) Using 4 workers of 4 for evacuation
[2019-12-05T19:09:31.469-0300][gc,mmu        ] GC(6) MMU target violated: 21,0ms (20,0ms/21,0ms)
[2019-12-05T19:09:31.469-0300][gc,phases     ] GC(6)   Pre Evacuate Collection Set: 14,2ms
[2019-12-05T19:09:31.469-0300][gc,phases     ] GC(6)   Evacuate Collection Set: 136,1ms
[2019-12-05T19:09:31.469-0300][gc,phases     ] GC(6)   Post Evacuate Collection Set: 101,8ms
[2019-12-05T19:09:31.502-0300][gc,phases     ] GC(6)   Other: 280,1ms
[2019-12-05T19:09:31.543-0300][gc,heap       ] GC(6) Eden regions: 49->0(49)
[2019-12-05T19:09:31.543-0300][gc,heap       ] GC(6) Survivor regions: 2->2(7)
[2019-12-05T19:09:31.543-0300][gc,heap       ] GC(6) Old regions: 13->13
[2019-12-05T19:09:31.543-0300][gc,heap       ] GC(6) Humongous regions: 129->129
[2019-12-05T19:09:31.563-0300][gc,metaspace  ] GC(6) Metaspace: 32694K->32694K(1079296K)
[2019-12-05T19:09:31.591-0300][gc            ] GC(6) Pause Young (Normal) (G1 Evacuation Pause) 190M->141M(1024M) 572,784ms
[2019-12-05T19:09:31.591-0300][gc,cpu        ] GC(6) User=0,03s Sys=0,01s Real=0,60s
[2019-12-05T19:11:37.700-0300][gc,heap,exit  ] Heap
[2019-12-05T19:11:37.700-0300][gc,heap,exit  ]  garbage-first heap   total 1048576K, used 160093K [0x00000000c0000000, 0x0000000100000000)
[2019-12-05T19:11:37.700-0300][gc,heap,exit  ]   region size 1024K, 19 young (19456K), 2 survivors (2048K)
[2019-12-05T19:11:37.700-0300][gc,heap,exit  ]  Metaspace       used 33516K, capacity 35515K, committed 35632K, reserved 1079296K
[2019-12-05T19:11:37.700-0300][gc,heap,exit  ]   class space    used 4777K, capacity 5736K, committed 5760K, reserved 1048576K
