[2019-12-05T20:28:47.281-0300][gc,heap] Heap region size: 1M
[2019-12-05T20:28:47.295-0300][gc     ] Using G1
[2019-12-05T20:28:47.295-0300][gc,heap,coops] Heap address: 0x00000000c0000000, size: 1024 MB, Compressed Oops mode: 32-bit
[2019-12-05T20:28:47.295-0300][gc,cds       ] Mark closed archive regions in map: [0x00000000fff00000, 0x00000000fff69ff8]
[2019-12-05T20:28:47.295-0300][gc,cds       ] Mark open archive regions in map: [0x00000000ffe00000, 0x00000000ffe33ff8]
[2019-12-05T20:28:54.236-0300][gc,start     ] GC(0) Pause Young (Normal) (G1 Evacuation Pause)
[2019-12-05T20:28:54.248-0300][gc,task      ] GC(0) Using 4 workers of 4 for evacuation
[2019-12-05T20:28:54.285-0300][gc,mmu       ] GC(0) MMU target violated: 21,0ms (20,0ms/21,0ms)
[2019-12-05T20:28:54.285-0300][gc,phases    ] GC(0)   Pre Evacuate Collection Set: 0,0ms
[2019-12-05T20:28:54.285-0300][gc,phases    ] GC(0)   Evacuate Collection Set: 35,7ms
[2019-12-05T20:28:54.285-0300][gc,phases    ] GC(0)   Post Evacuate Collection Set: 0,8ms
[2019-12-05T20:28:54.285-0300][gc,phases    ] GC(0)   Other: 12,2ms
[2019-12-05T20:28:54.285-0300][gc,heap      ] GC(0) Eden regions: 51->0(44)
[2019-12-05T20:28:54.285-0300][gc,heap      ] GC(0) Survivor regions: 0->7(7)
[2019-12-05T20:28:54.285-0300][gc,heap      ] GC(0) Old regions: 2->2
[2019-12-05T20:28:54.285-0300][gc,heap      ] GC(0) Humongous regions: 0->0
[2019-12-05T20:28:54.285-0300][gc,metaspace ] GC(0) Metaspace: 16931K->16931K(1064960K)
[2019-12-05T20:28:54.285-0300][gc           ] GC(0) Pause Young (Normal) (G1 Evacuation Pause) 51M->6M(1024M) 48,866ms
[2019-12-05T20:28:54.285-0300][gc,cpu       ] GC(0) User=0,06s Sys=0,00s Real=0,05s
[2019-12-05T20:28:54.995-0300][gc,start     ] GC(1) Pause Young (Concurrent Start) (Metadata GC Threshold)
[2019-12-05T20:28:54.995-0300][gc,task      ] GC(1) Using 4 workers of 4 for evacuation
[2019-12-05T20:28:55.029-0300][gc,mmu       ] GC(1) MMU target violated: 21,0ms (20,0ms/21,0ms)
[2019-12-05T20:28:55.029-0300][gc,phases    ] GC(1)   Pre Evacuate Collection Set: 0,1ms
[2019-12-05T20:28:55.029-0300][gc,phases    ] GC(1)   Evacuate Collection Set: 33,3ms
[2019-12-05T20:28:55.029-0300][gc,phases    ] GC(1)   Post Evacuate Collection Set: 0,5ms
[2019-12-05T20:28:55.029-0300][gc,phases    ] GC(1)   Other: 0,4ms
[2019-12-05T20:28:55.029-0300][gc,heap      ] GC(1) Eden regions: 14->0(50)
[2019-12-05T20:28:55.029-0300][gc,heap      ] GC(1) Survivor regions: 7->1(7)
[2019-12-05T20:28:55.029-0300][gc,heap      ] GC(1) Old regions: 2->8
[2019-12-05T20:28:55.029-0300][gc,heap      ] GC(1) Humongous regions: 0->0
[2019-12-05T20:28:55.029-0300][gc,metaspace ] GC(1) Metaspace: 20463K->20463K(1067008K)
[2019-12-05T20:28:55.029-0300][gc           ] GC(1) Pause Young (Concurrent Start) (Metadata GC Threshold) 19M->7M(1024M) 34,352ms
[2019-12-05T20:28:55.029-0300][gc,cpu       ] GC(1) User=0,06s Sys=0,00s Real=0,04s
[2019-12-05T20:28:55.029-0300][gc           ] GC(2) Concurrent Cycle
[2019-12-05T20:28:55.029-0300][gc,marking   ] GC(2) Concurrent Clear Claimed Marks
[2019-12-05T20:28:55.030-0300][gc,marking   ] GC(2) Concurrent Clear Claimed Marks 0,067ms
[2019-12-05T20:28:55.030-0300][gc,marking   ] GC(2) Concurrent Scan Root Regions
[2019-12-05T20:28:55.031-0300][gc,marking   ] GC(2) Concurrent Scan Root Regions 1,222ms
[2019-12-05T20:28:55.031-0300][gc,marking   ] GC(2) Concurrent Mark (7,774s)
[2019-12-05T20:28:55.031-0300][gc,marking   ] GC(2) Concurrent Mark From Roots
[2019-12-05T20:28:55.031-0300][gc,task      ] GC(2) Using 1 workers of 1 for marking
[2019-12-05T20:28:55.072-0300][gc,marking   ] GC(2) Concurrent Mark From Roots 41,154ms
[2019-12-05T20:28:55.072-0300][gc,marking   ] GC(2) Concurrent Preclean
[2019-12-05T20:28:55.072-0300][gc,marking   ] GC(2) Concurrent Preclean 0,150ms
[2019-12-05T20:28:55.072-0300][gc,marking   ] GC(2) Concurrent Mark (7,774s, 7,816s) 41,379ms
[2019-12-05T20:28:55.080-0300][gc,start     ] GC(2) Pause Remark
[2019-12-05T20:28:55.085-0300][gc,stringtable] GC(2) Cleaned string and symbol table, strings: 4851 processed, 0 removed, symbols: 49864 processed, 52 removed
[2019-12-05T20:28:55.085-0300][gc            ] GC(2) Pause Remark 8M->8M(1024M) 5,224ms
[2019-12-05T20:28:55.085-0300][gc,cpu        ] GC(2) User=0,01s Sys=0,00s Real=0,01s
[2019-12-05T20:28:55.085-0300][gc,marking    ] GC(2) Concurrent Rebuild Remembered Sets
[2019-12-05T20:28:55.095-0300][gc,marking    ] GC(2) Concurrent Rebuild Remembered Sets 9,421ms
[2019-12-05T20:28:55.102-0300][gc,start      ] GC(2) Pause Cleanup
[2019-12-05T20:28:55.103-0300][gc            ] GC(2) Pause Cleanup 8M->8M(1024M) 0,430ms
[2019-12-05T20:28:55.103-0300][gc,cpu        ] GC(2) User=0,00s Sys=0,00s Real=0,00s
[2019-12-05T20:28:55.103-0300][gc,marking    ] GC(2) Concurrent Cleanup for Next Mark
[2019-12-05T20:28:55.127-0300][gc,marking    ] GC(2) Concurrent Cleanup for Next Mark 24,039ms
[2019-12-05T20:28:55.127-0300][gc            ] GC(2) Concurrent Cycle 97,288ms
[2019-12-05T20:28:56.737-0300][gc,start      ] GC(3) Pause Young (Normal) (G1 Evacuation Pause)
[2019-12-05T20:28:56.737-0300][gc,task       ] GC(3) Using 4 workers of 4 for evacuation
[2019-12-05T20:28:56.747-0300][gc,phases     ] GC(3)   Pre Evacuate Collection Set: 0,0ms
[2019-12-05T20:28:56.747-0300][gc,phases     ] GC(3)   Evacuate Collection Set: 9,7ms
[2019-12-05T20:28:56.747-0300][gc,phases     ] GC(3)   Post Evacuate Collection Set: 0,4ms
[2019-12-05T20:28:56.747-0300][gc,phases     ] GC(3)   Other: 0,3ms
[2019-12-05T20:28:56.747-0300][gc,heap       ] GC(3) Eden regions: 50->0(46)
[2019-12-05T20:28:56.747-0300][gc,heap       ] GC(3) Survivor regions: 1->5(7)
[2019-12-05T20:28:56.747-0300][gc,heap       ] GC(3) Old regions: 8->8
[2019-12-05T20:28:56.747-0300][gc,heap       ] GC(3) Humongous regions: 129->129
[2019-12-05T20:28:56.747-0300][gc,metaspace  ] GC(3) Metaspace: 29092K->29092K(1075200K)
[2019-12-05T20:28:56.747-0300][gc            ] GC(3) Pause Young (Normal) (G1 Evacuation Pause) 186M->140M(1024M) 10,532ms
[2019-12-05T20:28:56.747-0300][gc,cpu        ] GC(3) User=0,04s Sys=0,00s Real=0,01s
[2019-12-05T20:36:02.651-0300][gc,start      ] GC(4) Pause Young (Normal) (G1 Evacuation Pause)
[2019-12-05T20:36:02.651-0300][gc,task       ] GC(4) Using 4 workers of 4 for evacuation
[2019-12-05T20:36:02.671-0300][gc,phases     ] GC(4)   Pre Evacuate Collection Set: 0,0ms
[2019-12-05T20:36:02.671-0300][gc,phases     ] GC(4)   Evacuate Collection Set: 18,6ms
[2019-12-05T20:36:02.671-0300][gc,phases     ] GC(4)   Post Evacuate Collection Set: 0,8ms
[2019-12-05T20:36:02.671-0300][gc,phases     ] GC(4)   Other: 0,3ms
[2019-12-05T20:36:02.671-0300][gc,heap       ] GC(4) Eden regions: 46->0(49)
[2019-12-05T20:36:02.671-0300][gc,heap       ] GC(4) Survivor regions: 5->2(7)
[2019-12-05T20:36:02.671-0300][gc,heap       ] GC(4) Old regions: 8->13
[2019-12-05T20:36:02.671-0300][gc,heap       ] GC(4) Humongous regions: 129->129
[2019-12-05T20:36:02.671-0300][gc,metaspace  ] GC(4) Metaspace: 32219K->32219K(1077248K)
[2019-12-05T20:36:02.671-0300][gc            ] GC(4) Pause Young (Normal) (G1 Evacuation Pause) 186M->141M(1024M) 19,831ms
[2019-12-05T20:36:02.671-0300][gc,cpu        ] GC(4) User=0,07s Sys=0,00s Real=0,02s
[2019-12-05T20:54:02.861-0300][gc,start      ] GC(5) Pause Young (Normal) (G1 Evacuation Pause)
[2019-12-05T20:54:02.861-0300][gc,task       ] GC(5) Using 4 workers of 4 for evacuation
[2019-12-05T20:54:02.865-0300][gc,phases     ] GC(5)   Pre Evacuate Collection Set: 0,0ms
[2019-12-05T20:54:02.865-0300][gc,phases     ] GC(5)   Evacuate Collection Set: 3,7ms
[2019-12-05T20:54:02.865-0300][gc,phases     ] GC(5)   Post Evacuate Collection Set: 0,5ms
[2019-12-05T20:54:02.865-0300][gc,phases     ] GC(5)   Other: 0,2ms
[2019-12-05T20:54:02.865-0300][gc,heap       ] GC(5) Eden regions: 49->0(49)
[2019-12-05T20:54:02.865-0300][gc,heap       ] GC(5) Survivor regions: 2->2(7)
[2019-12-05T20:54:02.865-0300][gc,heap       ] GC(5) Old regions: 13->13
[2019-12-05T20:54:02.865-0300][gc,heap       ] GC(5) Humongous regions: 129->129
[2019-12-05T20:54:02.865-0300][gc,metaspace  ] GC(5) Metaspace: 32713K->32713K(1079296K)
[2019-12-05T20:54:02.865-0300][gc            ] GC(5) Pause Young (Normal) (G1 Evacuation Pause) 190M->141M(1024M) 4,501ms
[2019-12-05T20:54:02.865-0300][gc,cpu        ] GC(5) User=0,02s Sys=0,00s Real=0,01s
[2019-12-05T21:14:03.768-0300][gc,start      ] GC(6) Pause Young (Normal) (G1 Evacuation Pause)
[2019-12-05T21:14:03.779-0300][gc,task       ] GC(6) Using 4 workers of 4 for evacuation
[2019-12-05T21:14:03.782-0300][gc,phases     ] GC(6)   Pre Evacuate Collection Set: 0,0ms
[2019-12-05T21:14:03.783-0300][gc,phases     ] GC(6)   Evacuate Collection Set: 2,9ms
[2019-12-05T21:14:03.783-0300][gc,phases     ] GC(6)   Post Evacuate Collection Set: 0,5ms
[2019-12-05T21:14:03.783-0300][gc,phases     ] GC(6)   Other: 10,7ms
[2019-12-05T21:14:03.783-0300][gc,heap       ] GC(6) Eden regions: 49->0(49)
[2019-12-05T21:14:03.783-0300][gc,heap       ] GC(6) Survivor regions: 2->2(7)
[2019-12-05T21:14:03.783-0300][gc,heap       ] GC(6) Old regions: 13->13
[2019-12-05T21:14:03.783-0300][gc,heap       ] GC(6) Humongous regions: 129->129
[2019-12-05T21:14:03.783-0300][gc,metaspace  ] GC(6) Metaspace: 32862K->32862K(1079296K)
[2019-12-05T21:14:03.783-0300][gc            ] GC(6) Pause Young (Normal) (G1 Evacuation Pause) 190M->141M(1024M) 14,125ms
[2019-12-05T21:14:03.783-0300][gc,cpu        ] GC(6) User=0,02s Sys=0,00s Real=0,02s
[2019-12-05T21:34:04.006-0300][gc,start      ] GC(7) Pause Young (Normal) (G1 Evacuation Pause)
[2019-12-05T21:34:04.022-0300][gc,task       ] GC(7) Using 4 workers of 4 for evacuation
[2019-12-05T21:34:04.027-0300][gc,phases     ] GC(7)   Pre Evacuate Collection Set: 0,0ms
[2019-12-05T21:34:04.027-0300][gc,phases     ] GC(7)   Evacuate Collection Set: 4,4ms
[2019-12-05T21:34:04.027-0300][gc,phases     ] GC(7)   Post Evacuate Collection Set: 0,7ms
[2019-12-05T21:34:04.027-0300][gc,phases     ] GC(7)   Other: 15,7ms
[2019-12-05T21:34:04.027-0300][gc,heap       ] GC(7) Eden regions: 49->0(49)
[2019-12-05T21:34:04.027-0300][gc,heap       ] GC(7) Survivor regions: 2->2(7)
[2019-12-05T21:34:04.027-0300][gc,heap       ] GC(7) Old regions: 13->13
[2019-12-05T21:34:04.027-0300][gc,heap       ] GC(7) Humongous regions: 129->129
[2019-12-05T21:34:04.027-0300][gc,metaspace  ] GC(7) Metaspace: 33068K->33068K(1079296K)
[2019-12-05T21:34:04.027-0300][gc            ] GC(7) Pause Young (Normal) (G1 Evacuation Pause) 190M->141M(1024M) 20,873ms
[2019-12-05T21:34:04.027-0300][gc,cpu        ] GC(7) User=0,02s Sys=0,00s Real=0,02s
[2019-12-05T21:54:07.651-0300][gc,start      ] GC(8) Pause Young (Normal) (G1 Evacuation Pause)
[2019-12-05T21:54:07.651-0300][gc,task       ] GC(8) Using 4 workers of 4 for evacuation
[2019-12-05T21:54:07.657-0300][gc,phases     ] GC(8)   Pre Evacuate Collection Set: 0,0ms
[2019-12-05T21:54:07.657-0300][gc,phases     ] GC(8)   Evacuate Collection Set: 5,5ms
[2019-12-05T21:54:07.657-0300][gc,phases     ] GC(8)   Post Evacuate Collection Set: 0,8ms
[2019-12-05T21:54:07.657-0300][gc,phases     ] GC(8)   Other: 0,3ms
[2019-12-05T21:54:07.657-0300][gc,heap       ] GC(8) Eden regions: 49->0(50)
[2019-12-05T21:54:07.657-0300][gc,heap       ] GC(8) Survivor regions: 2->2(7)
[2019-12-05T21:54:07.658-0300][gc,heap       ] GC(8) Old regions: 13->13
[2019-12-05T21:54:07.658-0300][gc,heap       ] GC(8) Humongous regions: 129->129
[2019-12-05T21:54:07.658-0300][gc,metaspace  ] GC(8) Metaspace: 33094K->33094K(1079296K)
[2019-12-05T21:54:07.658-0300][gc            ] GC(8) Pause Young (Normal) (G1 Evacuation Pause) 190M->141M(1024M) 6,695ms
[2019-12-05T21:54:07.658-0300][gc,cpu        ] GC(8) User=0,03s Sys=0,00s Real=0,00s
[2019-12-05T21:57:28.084-0300][gc,start      ] GC(9) Pause Young (Concurrent Start) (Metadata GC Threshold)
[2019-12-05T21:57:28.084-0300][gc,task       ] GC(9) Using 4 workers of 4 for evacuation
[2019-12-05T21:57:28.089-0300][gc,phases     ] GC(9)   Pre Evacuate Collection Set: 0,1ms
[2019-12-05T21:57:28.089-0300][gc,phases     ] GC(9)   Evacuate Collection Set: 3,8ms
[2019-12-05T21:57:28.089-0300][gc,phases     ] GC(9)   Post Evacuate Collection Set: 0,6ms
[2019-12-05T21:57:28.089-0300][gc,phases     ] GC(9)   Other: 0,2ms
[2019-12-05T21:57:28.089-0300][gc,heap       ] GC(9) Eden regions: 23->0(49)
[2019-12-05T21:57:28.089-0300][gc,heap       ] GC(9) Survivor regions: 2->2(7)
[2019-12-05T21:57:28.089-0300][gc,heap       ] GC(9) Old regions: 13->13
[2019-12-05T21:57:28.089-0300][gc,heap       ] GC(9) Humongous regions: 129->129
[2019-12-05T21:57:28.089-0300][gc,metaspace  ] GC(9) Metaspace: 33870K->33870K(1079296K)
[2019-12-05T21:57:28.089-0300][gc            ] GC(9) Pause Young (Concurrent Start) (Metadata GC Threshold) 163M->141M(1024M) 4,800ms
[2019-12-05T21:57:28.089-0300][gc,cpu        ] GC(9) User=0,02s Sys=0,00s Real=0,00s
[2019-12-05T21:57:28.089-0300][gc            ] GC(10) Concurrent Cycle
[2019-12-05T21:57:28.089-0300][gc,marking    ] GC(10) Concurrent Clear Claimed Marks
[2019-12-05T21:57:28.089-0300][gc,marking    ] GC(10) Concurrent Clear Claimed Marks 0,148ms
[2019-12-05T21:57:28.089-0300][gc,marking    ] GC(10) Concurrent Scan Root Regions
[2019-12-05T21:57:28.092-0300][gc,marking    ] GC(10) Concurrent Scan Root Regions 2,175ms
[2019-12-05T21:57:28.092-0300][gc,marking    ] GC(10) Concurrent Mark (5320,835s)
[2019-12-05T21:57:28.092-0300][gc,marking    ] GC(10) Concurrent Mark From Roots
[2019-12-05T21:57:28.092-0300][gc,task       ] GC(10) Using 1 workers of 1 for marking
[2019-12-05T21:57:28.115-0300][gc,marking    ] GC(10) Concurrent Mark From Roots 23,184ms
[2019-12-05T21:57:28.115-0300][gc,marking    ] GC(10) Concurrent Preclean
[2019-12-05T21:57:28.115-0300][gc,marking    ] GC(10) Concurrent Preclean 0,347ms
[2019-12-05T21:57:28.115-0300][gc,marking    ] GC(10) Concurrent Mark (5320,835s, 5320,859s) 23,624ms
[2019-12-05T21:57:28.115-0300][gc,start      ] GC(10) Pause Remark
[2019-12-05T21:57:28.125-0300][gc,stringtable] GC(10) Cleaned string and symbol table, strings: 9287 processed, 991 removed, symbols: 71547 processed, 13 removed
[2019-12-05T21:57:28.126-0300][gc            ] GC(10) Pause Remark 141M->12M(1024M) 10,592ms
[2019-12-05T21:57:28.126-0300][gc,cpu        ] GC(10) User=0,04s Sys=0,00s Real=0,01s
[2019-12-05T21:57:28.126-0300][gc,marking    ] GC(10) Concurrent Rebuild Remembered Sets
[2019-12-05T21:57:28.138-0300][gc,marking    ] GC(10) Concurrent Rebuild Remembered Sets 12,114ms
[2019-12-05T21:57:28.138-0300][gc,start      ] GC(10) Pause Cleanup
[2019-12-05T21:57:28.139-0300][gc            ] GC(10) Pause Cleanup 13M->13M(1024M) 0,166ms
[2019-12-05T21:57:28.139-0300][gc,cpu        ] GC(10) User=0,00s Sys=0,00s Real=0,00s
[2019-12-05T21:57:28.139-0300][gc,marking    ] GC(10) Concurrent Cleanup for Next Mark
[2019-12-05T21:57:28.147-0300][gc,marking    ] GC(10) Concurrent Cleanup for Next Mark 8,883ms
[2019-12-05T21:57:28.148-0300][gc            ] GC(10) Concurrent Cycle 58,325ms
[2019-12-05T21:57:30.659-0300][gc,heap,exit  ] Heap
[2019-12-05T21:57:30.660-0300][gc,heap,exit  ]  garbage-first heap   total 1048576K, used 16680K [0x00000000c0000000, 0x0000000100000000)
[2019-12-05T21:57:30.660-0300][gc,heap,exit  ]   region size 1024K, 7 young (7168K), 2 survivors (2048K)
[2019-12-05T21:57:30.660-0300][gc,heap,exit  ]  Metaspace       used 33853K, capacity 35842K, committed 36304K, reserved 1079296K
[2019-12-05T21:57:30.660-0300][gc,heap,exit  ]   class space    used 4826K, capacity 5773K, committed 5920K, reserved 1048576K
