[2019-12-05T16:34:46.187-0300][gc,heap] Heap region size: 1M
[2019-12-05T16:34:46.202-0300][gc     ] Using G1
[2019-12-05T16:34:46.202-0300][gc,heap,coops] Heap address: 0x00000000c0000000, size: 1024 MB, Compressed Oops mode: 32-bit
[2019-12-05T16:34:46.203-0300][gc,cds       ] Mark closed archive regions in map: [0x00000000fff00000, 0x00000000fff69ff8]
[2019-12-05T16:34:46.203-0300][gc,cds       ] Mark open archive regions in map: [0x00000000ffe00000, 0x00000000ffe33ff8]
[2019-12-05T16:34:58.072-0300][gc,start     ] GC(0) Pause Young (Normal) (G1 Evacuation Pause)
[2019-12-05T16:34:58.072-0300][gc,task      ] GC(0) Using 4 workers of 4 for evacuation
[2019-12-05T16:34:58.103-0300][gc,mmu       ] GC(0) MMU target violated: 21,0ms (20,0ms/21,0ms)
[2019-12-05T16:34:58.103-0300][gc,phases    ] GC(0)   Pre Evacuate Collection Set: 0,0ms
[2019-12-05T16:34:58.103-0300][gc,phases    ] GC(0)   Evacuate Collection Set: 17,3ms
[2019-12-05T16:34:58.103-0300][gc,phases    ] GC(0)   Post Evacuate Collection Set: 13,8ms
[2019-12-05T16:34:58.103-0300][gc,phases    ] GC(0)   Other: 0,7ms
[2019-12-05T16:34:58.103-0300][gc,heap      ] GC(0) Eden regions: 51->0(45)
[2019-12-05T16:34:58.103-0300][gc,heap      ] GC(0) Survivor regions: 0->6(7)
[2019-12-05T16:34:58.103-0300][gc,heap      ] GC(0) Old regions: 2->2
[2019-12-05T16:34:58.103-0300][gc,heap      ] GC(0) Humongous regions: 0->0
[2019-12-05T16:34:58.103-0300][gc,metaspace ] GC(0) Metaspace: 16928K->16928K(1064960K)
[2019-12-05T16:34:58.103-0300][gc           ] GC(0) Pause Young (Normal) (G1 Evacuation Pause) 51M->6M(1024M) 31,829ms
[2019-12-05T16:34:58.103-0300][gc,cpu       ] GC(0) User=0,04s Sys=0,01s Real=0,04s
[2019-12-05T16:35:02.193-0300][gc,start     ] GC(1) Pause Young (Concurrent Start) (Metadata GC Threshold)
[2019-12-05T16:35:02.193-0300][gc,task      ] GC(1) Using 4 workers of 4 for evacuation
[2019-12-05T16:35:02.217-0300][gc,mmu       ] GC(1) MMU target violated: 21,0ms (20,0ms/21,0ms)
[2019-12-05T16:35:02.217-0300][gc,phases    ] GC(1)   Pre Evacuate Collection Set: 0,1ms
[2019-12-05T16:35:02.217-0300][gc,phases    ] GC(1)   Evacuate Collection Set: 22,5ms
[2019-12-05T16:35:02.217-0300][gc,phases    ] GC(1)   Post Evacuate Collection Set: 0,6ms
[2019-12-05T16:35:02.217-0300][gc,phases    ] GC(1)   Other: 0,4ms
[2019-12-05T16:35:02.217-0300][gc,heap      ] GC(1) Eden regions: 16->0(49)
[2019-12-05T16:35:02.217-0300][gc,heap      ] GC(1) Survivor regions: 6->2(7)
[2019-12-05T16:35:02.217-0300][gc,heap      ] GC(1) Old regions: 2->8
[2019-12-05T16:35:02.217-0300][gc,heap      ] GC(1) Humongous regions: 129->129
[2019-12-05T16:35:02.217-0300][gc,metaspace ] GC(1) Metaspace: 20589K->20589K(1067008K)
[2019-12-05T16:35:02.217-0300][gc           ] GC(1) Pause Young (Concurrent Start) (Metadata GC Threshold) 151M->137M(1024M) 23,731ms
[2019-12-05T16:35:02.217-0300][gc,cpu       ] GC(1) User=0,04s Sys=0,00s Real=0,02s
[2019-12-05T16:35:02.217-0300][gc           ] GC(2) Concurrent Cycle
[2019-12-05T16:35:02.217-0300][gc,marking   ] GC(2) Concurrent Clear Claimed Marks
[2019-12-05T16:35:02.217-0300][gc,marking   ] GC(2) Concurrent Clear Claimed Marks 0,052ms
[2019-12-05T16:35:02.217-0300][gc,marking   ] GC(2) Concurrent Scan Root Regions
[2019-12-05T16:35:02.218-0300][gc,marking   ] GC(2) Concurrent Scan Root Regions 1,292ms
[2019-12-05T16:35:02.218-0300][gc,marking   ] GC(2) Concurrent Mark (16,101s)
[2019-12-05T16:35:02.218-0300][gc,marking   ] GC(2) Concurrent Mark From Roots
[2019-12-05T16:35:02.218-0300][gc,task      ] GC(2) Using 1 workers of 1 for marking
[2019-12-05T16:35:02.340-0300][gc,marking   ] GC(2) Concurrent Mark From Roots 121,866ms
[2019-12-05T16:35:02.340-0300][gc,marking   ] GC(2) Concurrent Preclean
[2019-12-05T16:35:02.341-0300][gc,marking   ] GC(2) Concurrent Preclean 0,161ms
[2019-12-05T16:35:02.341-0300][gc,marking   ] GC(2) Concurrent Mark (16,101s, 16,224s) 122,106ms
[2019-12-05T16:35:02.341-0300][gc,start     ] GC(2) Pause Remark
[2019-12-05T16:35:02.344-0300][gc,stringtable] GC(2) Cleaned string and symbol table, strings: 4918 processed, 0 removed, symbols: 50467 processed, 45 removed
[2019-12-05T16:35:02.344-0300][gc            ] GC(2) Pause Remark 138M->138M(1024M) 3,612ms
[2019-12-05T16:35:02.344-0300][gc,cpu        ] GC(2) User=0,01s Sys=0,00s Real=0,00s
[2019-12-05T16:35:02.344-0300][gc,marking    ] GC(2) Concurrent Rebuild Remembered Sets
[2019-12-05T16:35:02.357-0300][gc,marking    ] GC(2) Concurrent Rebuild Remembered Sets 12,259ms
[2019-12-05T16:35:02.357-0300][gc,start      ] GC(2) Pause Cleanup
[2019-12-05T16:35:02.357-0300][gc            ] GC(2) Pause Cleanup 139M->139M(1024M) 0,245ms
[2019-12-05T16:35:02.357-0300][gc,cpu        ] GC(2) User=0,00s Sys=0,00s Real=0,00s
[2019-12-05T16:35:02.357-0300][gc,marking    ] GC(2) Concurrent Cleanup for Next Mark
[2019-12-05T16:35:02.369-0300][gc,marking    ] GC(2) Concurrent Cleanup for Next Mark 11,749ms
[2019-12-05T16:35:02.369-0300][gc            ] GC(2) Concurrent Cycle 151,796ms
[2019-12-05T16:39:10.552-0300][gc,start      ] GC(3) Pause Young (Normal) (G1 Evacuation Pause)
[2019-12-05T16:39:10.561-0300][gc,task       ] GC(3) Using 4 workers of 4 for evacuation
[2019-12-05T16:39:10.572-0300][gc,phases     ] GC(3)   Pre Evacuate Collection Set: 0,0ms
[2019-12-05T16:39:10.572-0300][gc,phases     ] GC(3)   Evacuate Collection Set: 10,0ms
[2019-12-05T16:39:10.572-0300][gc,phases     ] GC(3)   Post Evacuate Collection Set: 0,6ms
[2019-12-05T16:39:10.572-0300][gc,phases     ] GC(3)   Other: 9,3ms
[2019-12-05T16:39:10.572-0300][gc,heap       ] GC(3) Eden regions: 49->0(46)
[2019-12-05T16:39:10.572-0300][gc,heap       ] GC(3) Survivor regions: 2->5(7)
[2019-12-05T16:39:10.572-0300][gc,heap       ] GC(3) Old regions: 8->8
[2019-12-05T16:39:10.572-0300][gc,heap       ] GC(3) Humongous regions: 129->129
[2019-12-05T16:39:10.572-0300][gc,metaspace  ] GC(3) Metaspace: 29769K->29769K(1075200K)
[2019-12-05T16:39:10.572-0300][gc            ] GC(3) Pause Young (Normal) (G1 Evacuation Pause) 186M->140M(1024M) 20,011ms
[2019-12-05T16:39:10.572-0300][gc,cpu        ] GC(3) User=0,03s Sys=0,00s Real=0,02s
[2019-12-05T16:39:53.575-0300][gc,start      ] GC(4) Pause Young (Concurrent Start) (Metadata GC Threshold)
[2019-12-05T16:39:53.575-0300][gc,task       ] GC(4) Using 4 workers of 4 for evacuation
[2019-12-05T16:39:53.592-0300][gc,phases     ] GC(4)   Pre Evacuate Collection Set: 0,2ms
[2019-12-05T16:39:53.592-0300][gc,phases     ] GC(4)   Evacuate Collection Set: 15,9ms
[2019-12-05T16:39:53.592-0300][gc,phases     ] GC(4)   Post Evacuate Collection Set: 0,7ms
[2019-12-05T16:39:53.592-0300][gc,phases     ] GC(4)   Other: 0,3ms
[2019-12-05T16:39:53.592-0300][gc,heap       ] GC(4) Eden regions: 44->0(48)
[2019-12-05T16:39:53.592-0300][gc,heap       ] GC(4) Survivor regions: 5->3(7)
[2019-12-05T16:39:53.592-0300][gc,heap       ] GC(4) Old regions: 8->13
[2019-12-05T16:39:53.592-0300][gc,heap       ] GC(4) Humongous regions: 129->129
[2019-12-05T16:39:53.592-0300][gc,metaspace  ] GC(4) Metaspace: 33897K->33897K(1079296K)
[2019-12-05T16:39:53.592-0300][gc            ] GC(4) Pause Young (Concurrent Start) (Metadata GC Threshold) 183M->142M(1024M) 17,177ms
[2019-12-05T16:39:53.592-0300][gc,cpu        ] GC(4) User=0,04s Sys=0,00s Real=0,02s
[2019-12-05T16:39:53.592-0300][gc            ] GC(5) Concurrent Cycle
[2019-12-05T16:39:53.592-0300][gc,marking    ] GC(5) Concurrent Clear Claimed Marks
[2019-12-05T16:39:53.593-0300][gc,marking    ] GC(5) Concurrent Clear Claimed Marks 0,148ms
[2019-12-05T16:39:53.593-0300][gc,marking    ] GC(5) Concurrent Scan Root Regions
[2019-12-05T16:39:53.596-0300][gc,marking    ] GC(5) Concurrent Scan Root Regions 3,236ms
[2019-12-05T16:39:53.596-0300][gc,marking    ] GC(5) Concurrent Mark (307,479s)
[2019-12-05T16:39:53.596-0300][gc,marking    ] GC(5) Concurrent Mark From Roots
[2019-12-05T16:39:53.596-0300][gc,task       ] GC(5) Using 1 workers of 1 for marking
[2019-12-05T16:39:53.623-0300][gc,marking    ] GC(5) Concurrent Mark From Roots 27,539ms
[2019-12-05T16:39:53.624-0300][gc,marking    ] GC(5) Concurrent Preclean
[2019-12-05T16:39:53.624-0300][gc,marking    ] GC(5) Concurrent Preclean 0,146ms
[2019-12-05T16:39:53.624-0300][gc,marking    ] GC(5) Concurrent Mark (307,479s, 307,507s) 27,769ms
[2019-12-05T16:39:53.624-0300][gc,start      ] GC(5) Pause Remark
[2019-12-05T16:39:53.632-0300][gc,stringtable] GC(5) Cleaned string and symbol table, strings: 10849 processed, 9 removed, symbols: 74329 processed, 21 removed
[2019-12-05T16:39:53.641-0300][gc            ] GC(5) Pause Remark 142M->142M(1024M) 17,388ms
[2019-12-05T16:39:53.641-0300][gc,cpu        ] GC(5) User=0,02s Sys=0,00s Real=0,02s
[2019-12-05T16:39:53.641-0300][gc,marking    ] GC(5) Concurrent Rebuild Remembered Sets
[2019-12-05T16:39:53.656-0300][gc,marking    ] GC(5) Concurrent Rebuild Remembered Sets 14,501ms
[2019-12-05T16:39:53.656-0300][gc,start      ] GC(5) Pause Cleanup
[2019-12-05T16:39:53.656-0300][gc            ] GC(5) Pause Cleanup 143M->143M(1024M) 0,233ms
[2019-12-05T16:39:53.656-0300][gc,cpu        ] GC(5) User=0,00s Sys=0,00s Real=0,00s
[2019-12-05T16:39:53.656-0300][gc,marking    ] GC(5) Concurrent Cleanup for Next Mark
[2019-12-05T16:39:53.665-0300][gc,marking    ] GC(5) Concurrent Cleanup for Next Mark 9,012ms
[2019-12-05T16:39:53.665-0300][gc            ] GC(5) Concurrent Cycle 73,029ms
[2019-12-05T16:42:25.533-0300][gc,start      ] GC(6) Pause Young (Normal) (G1 Evacuation Pause)
[2019-12-05T16:42:25.542-0300][gc,task       ] GC(6) Using 4 workers of 4 for evacuation
[2019-12-05T16:42:25.555-0300][gc,phases     ] GC(6)   Pre Evacuate Collection Set: 0,0ms
[2019-12-05T16:42:25.555-0300][gc,phases     ] GC(6)   Evacuate Collection Set: 11,6ms
[2019-12-05T16:42:25.555-0300][gc,phases     ] GC(6)   Post Evacuate Collection Set: 0,6ms
[2019-12-05T16:42:25.555-0300][gc,phases     ] GC(6)   Other: 9,4ms
[2019-12-05T16:42:25.555-0300][gc,heap       ] GC(6) Eden regions: 48->0(45)
[2019-12-05T16:42:25.555-0300][gc,heap       ] GC(6) Survivor regions: 3->6(7)
[2019-12-05T16:42:25.555-0300][gc,heap       ] GC(6) Old regions: 13->13
[2019-12-05T16:42:25.555-0300][gc,heap       ] GC(6) Humongous regions: 129->129
[2019-12-05T16:42:25.555-0300][gc,metaspace  ] GC(6) Metaspace: 34813K->34813K(1081344K)
[2019-12-05T16:42:25.555-0300][gc            ] GC(6) Pause Young (Normal) (G1 Evacuation Pause) 190M->145M(1024M) 21,617ms
[2019-12-05T16:42:25.555-0300][gc,cpu        ] GC(6) User=0,03s Sys=0,00s Real=0,02s
[2019-12-05T16:42:46.807-0300][gc,heap,exit  ] Heap
[2019-12-05T16:42:46.807-0300][gc,heap,exit  ]  garbage-first heap   total 1048576K, used 193822K [0x00000000c0000000, 0x0000000100000000)
[2019-12-05T16:42:46.807-0300][gc,heap,exit  ]   region size 1024K, 51 young (52224K), 6 survivors (6144K)
[2019-12-05T16:42:46.807-0300][gc,heap,exit  ]  Metaspace       used 36202K, capacity 38557K, committed 38780K, reserved 1081344K
[2019-12-05T16:42:46.807-0300][gc,heap,exit  ]   class space    used 5193K, capacity 6330K, committed 6348K, reserved 1048576K
