[2019-12-05T16:32:49.660-0300][gc,heap] Heap region size: 1M
[2019-12-05T16:32:49.673-0300][gc     ] Using G1
[2019-12-05T16:32:49.673-0300][gc,heap,coops] Heap address: 0x00000000c0000000, size: 1024 MB, Compressed Oops mode: 32-bit
[2019-12-05T16:32:49.673-0300][gc,cds       ] Mark closed archive regions in map: [0x00000000fff00000, 0x00000000fff69ff8]
[2019-12-05T16:32:49.673-0300][gc,cds       ] Mark open archive regions in map: [0x00000000ffe00000, 0x00000000ffe33ff8]
[2019-12-05T16:33:00.814-0300][gc,start     ] GC(0) Pause Young (Normal) (G1 Evacuation Pause)
[2019-12-05T16:33:00.852-0300][gc,task      ] GC(0) Using 4 workers of 4 for evacuation
[2019-12-05T16:33:00.875-0300][gc,mmu       ] GC(0) MMU target violated: 21,0ms (20,0ms/21,0ms)
[2019-12-05T16:33:00.875-0300][gc,phases    ] GC(0)   Pre Evacuate Collection Set: 0,0ms
[2019-12-05T16:33:00.875-0300][gc,phases    ] GC(0)   Evacuate Collection Set: 21,2ms
[2019-12-05T16:33:00.875-0300][gc,phases    ] GC(0)   Post Evacuate Collection Set: 0,6ms
[2019-12-05T16:33:00.875-0300][gc,phases    ] GC(0)   Other: 39,1ms
[2019-12-05T16:33:00.875-0300][gc,heap      ] GC(0) Eden regions: 51->0(44)
[2019-12-05T16:33:00.875-0300][gc,heap      ] GC(0) Survivor regions: 0->7(7)
[2019-12-05T16:33:00.875-0300][gc,heap      ] GC(0) Old regions: 2->2
[2019-12-05T16:33:00.875-0300][gc,heap      ] GC(0) Humongous regions: 0->0
[2019-12-05T16:33:00.875-0300][gc,metaspace ] GC(0) Metaspace: 16920K->16920K(1064960K)
[2019-12-05T16:33:00.875-0300][gc           ] GC(0) Pause Young (Normal) (G1 Evacuation Pause) 51M->6M(1024M) 61,030ms
[2019-12-05T16:33:00.875-0300][gc,cpu       ] GC(0) User=0,05s Sys=0,01s Real=0,06s
[2019-12-05T16:33:07.105-0300][gc,start     ] GC(1) Pause Young (Concurrent Start) (Metadata GC Threshold)
[2019-12-05T16:33:07.105-0300][gc,task      ] GC(1) Using 4 workers of 4 for evacuation
[2019-12-05T16:33:07.136-0300][gc,mmu       ] GC(1) MMU target violated: 21,0ms (20,0ms/21,0ms)
[2019-12-05T16:33:07.136-0300][gc,phases    ] GC(1)   Pre Evacuate Collection Set: 0,1ms
[2019-12-05T16:33:07.136-0300][gc,phases    ] GC(1)   Evacuate Collection Set: 28,7ms
[2019-12-05T16:33:07.136-0300][gc,phases    ] GC(1)   Post Evacuate Collection Set: 1,8ms
[2019-12-05T16:33:07.136-0300][gc,phases    ] GC(1)   Other: 0,4ms
[2019-12-05T16:33:07.136-0300][gc,heap      ] GC(1) Eden regions: 16->0(49)
[2019-12-05T16:33:07.136-0300][gc,heap      ] GC(1) Survivor regions: 7->2(7)
[2019-12-05T16:33:07.136-0300][gc,heap      ] GC(1) Old regions: 2->8
[2019-12-05T16:33:07.136-0300][gc,heap      ] GC(1) Humongous regions: 129->129
[2019-12-05T16:33:07.136-0300][gc,metaspace ] GC(1) Metaspace: 20572K->20572K(1067008K)
[2019-12-05T16:33:07.136-0300][gc           ] GC(1) Pause Young (Concurrent Start) (Metadata GC Threshold) 151M->136M(1024M) 31,062ms
[2019-12-05T16:33:07.136-0300][gc,cpu       ] GC(1) User=0,05s Sys=0,01s Real=0,03s
[2019-12-05T16:33:07.136-0300][gc           ] GC(2) Concurrent Cycle
[2019-12-05T16:33:07.136-0300][gc,marking   ] GC(2) Concurrent Clear Claimed Marks
[2019-12-05T16:33:07.136-0300][gc,marking   ] GC(2) Concurrent Clear Claimed Marks 0,065ms
[2019-12-05T16:33:07.136-0300][gc,marking   ] GC(2) Concurrent Scan Root Regions
[2019-12-05T16:33:07.145-0300][gc,marking   ] GC(2) Concurrent Scan Root Regions 9,440ms
[2019-12-05T16:33:07.146-0300][gc,marking   ] GC(2) Concurrent Mark (17,531s)
[2019-12-05T16:33:07.146-0300][gc,marking   ] GC(2) Concurrent Mark From Roots
[2019-12-05T16:33:07.146-0300][gc,task      ] GC(2) Using 1 workers of 1 for marking
[2019-12-05T16:33:07.196-0300][gc,marking   ] GC(2) Concurrent Mark From Roots 50,079ms
[2019-12-05T16:33:07.196-0300][gc,marking   ] GC(2) Concurrent Preclean
[2019-12-05T16:33:07.196-0300][gc,marking   ] GC(2) Concurrent Preclean 0,133ms
[2019-12-05T16:33:07.196-0300][gc,marking   ] GC(2) Concurrent Mark (17,531s, 17,581s) 50,283ms
[2019-12-05T16:33:07.196-0300][gc,start     ] GC(2) Pause Remark
[2019-12-05T16:33:07.200-0300][gc,stringtable] GC(2) Cleaned string and symbol table, strings: 4913 processed, 0 removed, symbols: 50423 processed, 45 removed
[2019-12-05T16:33:07.202-0300][gc            ] GC(2) Pause Remark 137M->137M(1024M) 5,555ms
[2019-12-05T16:33:07.202-0300][gc,cpu        ] GC(2) User=0,01s Sys=0,00s Real=0,01s
[2019-12-05T16:33:07.202-0300][gc,marking    ] GC(2) Concurrent Rebuild Remembered Sets
[2019-12-05T16:33:07.208-0300][gc,marking    ] GC(2) Concurrent Rebuild Remembered Sets 6,820ms
[2019-12-05T16:33:07.209-0300][gc,start      ] GC(2) Pause Cleanup
[2019-12-05T16:33:07.209-0300][gc            ] GC(2) Pause Cleanup 138M->138M(1024M) 0,237ms
[2019-12-05T16:33:07.209-0300][gc,cpu        ] GC(2) User=0,00s Sys=0,00s Real=0,00s
[2019-12-05T16:33:07.209-0300][gc,marking    ] GC(2) Concurrent Cleanup for Next Mark
[2019-12-05T16:33:07.225-0300][gc,marking    ] GC(2) Concurrent Cleanup for Next Mark 16,157ms
[2019-12-05T16:33:07.225-0300][gc            ] GC(2) Concurrent Cycle 89,158ms
[2019-12-05T16:39:11.602-0300][gc,start      ] GC(3) Pause Young (Normal) (G1 Evacuation Pause)
[2019-12-05T16:39:11.653-0300][gc,task       ] GC(3) Using 4 workers of 4 for evacuation
[2019-12-05T16:39:11.670-0300][gc,phases     ] GC(3)   Pre Evacuate Collection Set: 0,0ms
[2019-12-05T16:39:11.670-0300][gc,phases     ] GC(3)   Evacuate Collection Set: 15,4ms
[2019-12-05T16:39:11.670-0300][gc,phases     ] GC(3)   Post Evacuate Collection Set: 1,2ms
[2019-12-05T16:39:11.670-0300][gc,phases     ] GC(3)   Other: 50,8ms
[2019-12-05T16:39:11.670-0300][gc,heap       ] GC(3) Eden regions: 49->0(46)
[2019-12-05T16:39:11.670-0300][gc,heap       ] GC(3) Survivor regions: 2->5(7)
[2019-12-05T16:39:11.670-0300][gc,heap       ] GC(3) Old regions: 8->8
[2019-12-05T16:39:11.670-0300][gc,heap       ] GC(3) Humongous regions: 129->129
[2019-12-05T16:39:11.670-0300][gc,metaspace  ] GC(3) Metaspace: 29019K->29019K(1075200K)
[2019-12-05T16:39:11.670-0300][gc            ] GC(3) Pause Young (Normal) (G1 Evacuation Pause) 185M->140M(1024M) 67,603ms
[2019-12-05T16:39:11.670-0300][gc,cpu        ] GC(3) User=0,03s Sys=0,00s Real=0,06s
[2019-12-05T16:40:30.045-0300][gc,start      ] GC(4) Pause Young (Normal) (G1 Evacuation Pause)
[2019-12-05T16:40:30.045-0300][gc,task       ] GC(4) Using 4 workers of 4 for evacuation
[2019-12-05T16:40:30.061-0300][gc,phases     ] GC(4)   Pre Evacuate Collection Set: 0,0ms
[2019-12-05T16:40:30.061-0300][gc,phases     ] GC(4)   Evacuate Collection Set: 15,4ms
[2019-12-05T16:40:30.061-0300][gc,phases     ] GC(4)   Post Evacuate Collection Set: 0,7ms
[2019-12-05T16:40:30.061-0300][gc,phases     ] GC(4)   Other: 0,2ms
[2019-12-05T16:40:30.061-0300][gc,heap       ] GC(4) Eden regions: 46->0(48)
[2019-12-05T16:40:30.061-0300][gc,heap       ] GC(4) Survivor regions: 5->3(7)
[2019-12-05T16:40:30.061-0300][gc,heap       ] GC(4) Old regions: 8->13
[2019-12-05T16:40:30.061-0300][gc,heap       ] GC(4) Humongous regions: 129->129
[2019-12-05T16:40:30.061-0300][gc,metaspace  ] GC(4) Metaspace: 33173K->33173K(1079296K)
[2019-12-05T16:40:30.061-0300][gc            ] GC(4) Pause Young (Normal) (G1 Evacuation Pause) 186M->143M(1024M) 16,469ms
[2019-12-05T16:40:30.061-0300][gc,cpu        ] GC(4) User=0,05s Sys=0,00s Real=0,02s
[2019-12-05T16:42:29.302-0300][gc,start      ] GC(5) Pause Young (Concurrent Start) (Metadata GC Threshold)
[2019-12-05T16:42:29.310-0300][gc,task       ] GC(5) Using 4 workers of 4 for evacuation
[2019-12-05T16:42:29.330-0300][gc,phases     ] GC(5)   Pre Evacuate Collection Set: 0,2ms
[2019-12-05T16:42:29.330-0300][gc,phases     ] GC(5)   Evacuate Collection Set: 18,7ms
[2019-12-05T16:42:29.330-0300][gc,phases     ] GC(5)   Post Evacuate Collection Set: 0,8ms
[2019-12-05T16:42:29.330-0300][gc,phases     ] GC(5)   Other: 8,2ms
[2019-12-05T16:42:29.330-0300][gc,heap       ] GC(5) Eden regions: 40->0(46)
[2019-12-05T16:42:29.330-0300][gc,heap       ] GC(5) Survivor regions: 3->5(7)
[2019-12-05T16:42:29.330-0300][gc,heap       ] GC(5) Old regions: 13->13
[2019-12-05T16:42:29.330-0300][gc,heap       ] GC(5) Humongous regions: 129->129
[2019-12-05T16:42:29.330-0300][gc,metaspace  ] GC(5) Metaspace: 33936K->33936K(1079296K)
[2019-12-05T16:42:29.330-0300][gc            ] GC(5) Pause Young (Concurrent Start) (Metadata GC Threshold) 182M->145M(1024M) 28,034ms
[2019-12-05T16:42:29.330-0300][gc,cpu        ] GC(5) User=0,05s Sys=0,00s Real=0,02s
[2019-12-05T16:42:29.330-0300][gc            ] GC(6) Concurrent Cycle
[2019-12-05T16:42:29.330-0300][gc,marking    ] GC(6) Concurrent Clear Claimed Marks
[2019-12-05T16:42:29.330-0300][gc,marking    ] GC(6) Concurrent Clear Claimed Marks 0,146ms
[2019-12-05T16:42:29.330-0300][gc,marking    ] GC(6) Concurrent Scan Root Regions
[2019-12-05T16:42:29.339-0300][gc,marking    ] GC(6) Concurrent Scan Root Regions 8,551ms
[2019-12-05T16:42:29.339-0300][gc,marking    ] GC(6) Concurrent Mark (579,724s)
[2019-12-05T16:42:29.339-0300][gc,marking    ] GC(6) Concurrent Mark From Roots
[2019-12-05T16:42:29.339-0300][gc,task       ] GC(6) Using 1 workers of 1 for marking
[2019-12-05T16:42:29.376-0300][gc,marking    ] GC(6) Concurrent Mark From Roots 37,068ms
[2019-12-05T16:42:29.376-0300][gc,marking    ] GC(6) Concurrent Preclean
[2019-12-05T16:42:29.376-0300][gc,marking    ] GC(6) Concurrent Preclean 0,126ms
[2019-12-05T16:42:29.376-0300][gc,marking    ] GC(6) Concurrent Mark (579,724s, 579,761s) 37,271ms
[2019-12-05T16:42:29.376-0300][gc,start      ] GC(6) Pause Remark
[2019-12-05T16:42:29.429-0300][gc,stringtable] GC(6) Cleaned string and symbol table, strings: 11286 processed, 813 removed, symbols: 74069 processed, 24 removed
[2019-12-05T16:42:29.430-0300][gc,mmu        ] GC(6) MMU target violated: 21,0ms (20,0ms/21,0ms)
[2019-12-05T16:42:29.430-0300][gc            ] GC(6) Pause Remark 145M->16M(1024M) 53,695ms
[2019-12-05T16:42:29.430-0300][gc,cpu        ] GC(6) User=0,03s Sys=0,00s Real=0,05s
[2019-12-05T16:42:29.430-0300][gc,marking    ] GC(6) Concurrent Rebuild Remembered Sets
[2019-12-05T16:42:29.451-0300][gc,marking    ] GC(6) Concurrent Rebuild Remembered Sets 21,040ms
[2019-12-05T16:42:29.451-0300][gc,start      ] GC(6) Pause Cleanup
[2019-12-05T16:42:29.451-0300][gc            ] GC(6) Pause Cleanup 16M->16M(1024M) 0,234ms
[2019-12-05T16:42:29.451-0300][gc,cpu        ] GC(6) User=0,00s Sys=0,00s Real=0,00s
[2019-12-05T16:42:29.451-0300][gc,marking    ] GC(6) Concurrent Cleanup for Next Mark
[2019-12-05T16:42:29.461-0300][gc,marking    ] GC(6) Concurrent Cleanup for Next Mark 9,280ms
[2019-12-05T16:42:29.461-0300][gc            ] GC(6) Concurrent Cycle 130,867ms
[2019-12-05T16:42:32.341-0300][gc,heap,exit  ] Heap
[2019-12-05T16:42:32.341-0300][gc,heap,exit  ]  garbage-first heap   total 1048576K, used 20611K [0x00000000c0000000, 0x0000000100000000)
[2019-12-05T16:42:32.341-0300][gc,heap,exit  ]   region size 1024K, 10 young (10240K), 5 survivors (5120K)
[2019-12-05T16:42:32.341-0300][gc,heap,exit  ]  Metaspace       used 34052K, capacity 35970K, committed 36048K, reserved 1079296K
[2019-12-05T16:42:32.341-0300][gc,heap,exit  ]   class space    used 4700K, capacity 5592K, committed 5664K, reserved 1048576K
